------------------------------------------------------------
TimeQuest Timing Analyzer Summary
------------------------------------------------------------

Type  : Slow 1100mV 85C Model Setup 'clk'
Slack : 0.038
TNS   : 0.000

Type  : Slow 1100mV 85C Model Hold 'clk'
Slack : 0.285
TNS   : 0.000

Type  : Slow 1100mV 85C Model Minimum Pulse Width 'clk'
Slack : -0.724
TNS   : -5.540

Type  : Slow 1100mV 0C Model Setup 'clk'
Slack : 0.067
TNS   : 0.000

Type  : Slow 1100mV 0C Model Hold 'clk'
Slack : 0.273
TNS   : 0.000

Type  : Slow 1100mV 0C Model Minimum Pulse Width 'clk'
Slack : -0.724
TNS   : -5.551

Type  : Fast 1100mV 85C Model Setup 'clk'
Slack : 0.563
TNS   : 0.000

Type  : Fast 1100mV 85C Model Hold 'clk'
Slack : 0.133
TNS   : 0.000

Type  : Fast 1100mV 85C Model Minimum Pulse Width 'clk'
Slack : -0.083
TNS   : -0.403

Type  : Fast 1100mV 0C Model Setup 'clk'
Slack : 0.584
TNS   : 0.000

Type  : Fast 1100mV 0C Model Hold 'clk'
Slack : 0.120
TNS   : 0.000

Type  : Fast 1100mV 0C Model Minimum Pulse Width 'clk'
Slack : -0.085
TNS   : -0.415

------------------------------------------------------------
